// Jest Snapshot v1, https://goo.gl/fbAQLP

exports[`snapshot test for profile page 1`] = `
<div
  className="App"
>
  <nav>
    <header
      className="MuiPaper-root MuiAppBar-root MuiAppBar-positionStatic MuiAppBar-colorPrimary MuiPaper-elevation4"
    >
      <div
        className="MuiToolbar-root MuiToolbar-regular MuiToolbar-gutters"
      >
        <div
          className="MuiContainer-root makeStyles-navbarDisplayFlex-11 MuiContainer-maxWidthLg"
        >
          <a
            className="makeStyles-logo-14"
            href="/"
            onClick={[Function]}
          >
            Capitalist Hinge
          </a>
          <nav
            aria-labelledby="main navigation"
            className="MuiList-root makeStyles-navDisplayFlex-12 MuiList-padding"
          >
            <a
              className="makeStyles-linkText-13"
              href="/matches"
              onClick={[Function]}
            >
              <div
                aria-disabled={false}
                className="MuiButtonBase-root MuiListItem-root MuiListItem-gutters MuiListItem-button"
                onBlur={[Function]}
                onDragLeave={[Function]}
                onFocus={[Function]}
                onKeyDown={[Function]}
                onKeyUp={[Function]}
                onMouseDown={[Function]}
                onMouseLeave={[Function]}
                onMouseUp={[Function]}
                onTouchEnd={[Function]}
                onTouchMove={[Function]}
                onTouchStart={[Function]}
                role="button"
                tabIndex={0}
              >
                <div
                  className="MuiListItemText-root"
                >
                  <span
                    className="MuiTypography-root MuiListItemText-primary MuiTypography-body1 MuiTypography-displayBlock"
                  >
                    Matches
                  </span>
                </div>
              </div>
            </a>
            <a
              className="makeStyles-linkText-13"
              href="/profile"
              onClick={[Function]}
            >
              <div
                aria-disabled={false}
                className="MuiButtonBase-root MuiListItem-root MuiListItem-gutters MuiListItem-button"
                onBlur={[Function]}
                onDragLeave={[Function]}
                onFocus={[Function]}
                onKeyDown={[Function]}
                onKeyUp={[Function]}
                onMouseDown={[Function]}
                onMouseLeave={[Function]}
                onMouseUp={[Function]}
                onTouchEnd={[Function]}
                onTouchMove={[Function]}
                onTouchStart={[Function]}
                role="button"
                tabIndex={0}
              >
                <div
                  className="MuiListItemText-root"
                >
                  <span
                    className="MuiTypography-root MuiListItemText-primary MuiTypography-body1 MuiTypography-displayBlock"
                  >
                    Profile
                  </span>
                </div>
              </div>
            </a>
            <a
              className="makeStyles-linkText-13"
              href="/"
              onClick={[Function]}
            >
              <div
                aria-disabled={false}
                className="MuiButtonBase-root MuiListItem-root MuiListItem-gutters MuiListItem-button"
                onBlur={[Function]}
                onClick={[Function]}
                onDragLeave={[Function]}
                onFocus={[Function]}
                onKeyDown={[Function]}
                onKeyUp={[Function]}
                onMouseDown={[Function]}
                onMouseLeave={[Function]}
                onMouseUp={[Function]}
                onTouchEnd={[Function]}
                onTouchMove={[Function]}
                onTouchStart={[Function]}
                role="button"
                tabIndex={0}
              >
                <div
                  className="MuiListItemText-root"
                >
                  <span
                    className="MuiTypography-root MuiListItemText-primary MuiTypography-body1 MuiTypography-displayBlock"
                  >
                    Sign In
                  </span>
                </div>
              </div>
            </a>
          </nav>
        </div>
      </div>
    </header>
  </nav>
  <div>
    <h1>
      Login
    </h1>
    <div
      id="firebaseui-auth-container"
    />
  </div>
</div>
`;
